// Jest Snapshot v1, https://goo.gl/fbAQLP

exports[`Feed should match snapshot 1`] = `
<div
  class="flex flex-1 flex-col"
  data-testid="feed"
>
  <div
    class="flex flex-col space-y-4"
  >
    <div
      class="flex"
    >
      Empty
    </div>
  </div>
</div>
`;
